True
15
1 1 1 1 1 7 8 34 43 176 210 256 301 478 491 
