True
15
1 1 1 1 1 1 1 1 1 11 167 274 308 351 364 
